

***************************************************************************************
***                                                                                 ***
***                                LINK INFORMATION                                 ***
***                                                                                 ***
***************************************************************************************

Copyright (c) 2017-2019 SEGGER Microcontroller GmbH    www.segger.com
SEGGER Linker 2.34a compiled May 15 2020 19:07:30

Command line:
  --add-region
  FLASH1=0x00100000@0x00000000
  --add-region
  RAM1=0x00040000@0x20000000
  --add-region
  RAM2=0x00040000@0x20040000
  --defsym=__STACKSIZE__=16384
  --defsym=__STACKSIZE_PROCESS__=0
  --defsym=__HEAPSIZE__=16384
  --full-section-headers
  -eReset_Handler
  --defsym=__vfprintf=__vfprintf_int_nwp
  --defsym=__vfscanf=__vfscanf_int
  --silent
  --list-all-undefineds
  --fatal-warnings
  -EL
  -mcpu=cortex-m33
  --gc-sections
  -TC:/Users/Devan/Documents/SEGGER Embedded Studio for ARM Projects/Executable_1/ses_nrf5340_xxaa_application.icf
  -Map
  Output/Debug External/Exe/Executable_1.map
  -u_vectors
  -o
  Output/Debug External/Exe/Executable_1.elf
  --emit-relocs
  --start-group
  Output/Executable_1 Debug External/Obj/system_nrf5340_application.o
  Output/Executable_1 Debug External/Obj/arm_convolve_s8.o
  Output/Executable_1 Debug External/Obj/arm_nn_mat_mult_kernel_s8_s16.o
  Output/Executable_1 Debug External/Obj/arm_q7_to_q15_with_offset.o
  Output/Executable_1 Debug External/Obj/arm_common_tables.o
  Output/Executable_1 Debug External/Obj/arm_nn_add_q7.o
  Output/Executable_1 Debug External/Obj/SEGGER_RTT.o
  Output/Executable_1 Debug External/Obj/SEGGER_RTT_SES.o
  Output/Executable_1 Debug External/Obj/main.o
  Output/Executable_1 Debug External/Obj/arm_cos_f32.o
  Output/Executable_1 Debug External/Obj/SEGGER_THUMB_Startup.o
  Output/Executable_1 Debug External/Obj/ses_startup_nrf_common.o
  Output/Executable_1 Debug External/Obj/ses_startup_nrf5340_application.o
  libarm_ARMv8MMLl_math.a
  C:/Program Files/SEGGER/SEGGER Embedded Studio for ARM 4.52c/lib/libdebugio_mempoll_v8mml_fpv5_sp_d16_hard_t_le_eabi.a
  C:/Program Files/SEGGER/SEGGER Embedded Studio for ARM 4.52c/lib/libm_v8mml_fpv5_sp_d16_hard_t_le_eabi.a
  C:/Program Files/SEGGER/SEGGER Embedded Studio for ARM 4.52c/lib/libc_v8mml_fpv5_sp_d16_hard_t_le_eabi.a
  C:/Program Files/SEGGER/SEGGER Embedded Studio for ARM 4.52c/lib/libcpp_v8mml_fpv5_sp_d16_hard_t_le_eabi.a
  C:/Program Files/SEGGER/SEGGER Embedded Studio for ARM 4.52c/lib/libdebugio_v8mml_fpv5_sp_d16_hard_t_le_eabi.a
  C:/Program Files/SEGGER/SEGGER Embedded Studio for ARM 4.52c/lib/libvfprintf_v8mml_fpv5_sp_d16_hard_t_le_eabi.o
  C:/Program Files/SEGGER/SEGGER Embedded Studio for ARM 4.52c/lib/libvfscanf_v8mml_fpv5_sp_d16_hard_t_le_eabi.o
  --end-group


***************************************************************************************
***                                                                                 ***
***                                  LINKER SCRIPT                                  ***
***                                                                                 ***
***************************************************************************************

Read linker script from 'C:/Users/Devan/Documents/SEGGER Embedded Studio for ARM Projects/Executable_1/ses_nrf5340_xxaa_application.icf':
  
  // **********************************************************************
  // *                    SEGGER Microcontroller GmbH                     *
  // *                        The Embedded Experts                        *
  // **********************************************************************
  // *                                                                    *
  // *            (c) 2014 - 2020 SEGGER Microcontroller GmbH             *
  // *            (c) 2001 - 2020 Rowley Associates Limited               *
  // *                                                                    *
  // *           www.segger.com     Support: support@segger.com           *
  // *                                                                    *
  // **********************************************************************
  // *                                                                    *
  // * All rights reserved.                                               *
  // *                                                                    *
  // * Redistribution and use in source and binary forms, with or         *
  // * without modification, are permitted provided that the following    *
  // * conditions are met:                                                *
  // *                                                                    *
  // * - Redistributions of source code must retain the above copyright   *
  // *   notice, this list of conditions and the following disclaimer.    *
  // *                                                                    *
  // * - Neither the name of SEGGER Microcontroller GmbH                  *
  // *   nor the names of its contributors may be used to endorse or      *
  // *   promote products derived from this software without specific     *
  // *   prior written permission.                                        *
  // *                                                                    *
  // * THIS SOFTWARE IS PROVIDED BY THE COPYRIGHT HOLDERS AND             *
  // * CONTRIBUTORS "AS IS" AND ANY EXPRESS OR IMPLIED WARRANTIES,        *
  // * INCLUDING, BUT NOT LIMITED TO, THE IMPLIED WARRANTIES OF           *
  // * MERCHANTABILITY AND FITNESS FOR A PARTICULAR PURPOSE ARE           *
  // * DISCLAIMED.                                                        *
  // * IN NO EVENT SHALL SEGGER Microcontroller GmbH BE LIABLE FOR        *
  // * ANY DIRECT, INDIRECT, INCIDENTAL, SPECIAL, EXEMPLARY, OR           *
  // * CONSEQUENTIAL DAMAGES (INCLUDING, BUT NOT LIMITED TO, PROCUREMENT  *
  // * OF SUBSTITUTE GOODS OR SERVICES; LOSS OF USE, DATA, OR PROFITS;    *
  // * OR BUSINESS INTERRUPTION) HOWEVER CAUSED AND ON ANY THEORY OF      *
  // * LIABILITY, WHETHER IN CONTRACT, STRICT LIABILITY, OR TORT          *
  // * (INCLUDING NEGLIGENCE OR OTHERWISE) ARISING IN ANY WAY OUT OF THE  *
  // * USE OF THIS SOFTWARE, EVEN IF ADVISED OF THE POSSIBILITY OF SUCH   *
  // * DAMAGE.                                                            *
  // *                                                                    *
  // **********************************************************************
  
  define memory with size = 4G;
  
  //
  // Combined regions per memory type
  //
  define region FLASH = FLASH1;
  define region RAM   = RAM1;
  
  //
  // Block definitions
  //
  define block vectors                        { section .vectors };
  define block vectors_ram                    { section .vectors_ram };
  define block ctors                          { section .ctors,     section .ctors.*, block with         alphabetical order { init_array } };
  define block dtors                          { section .dtors,     section .dtors.*, block with reverse alphabetical order { fini_array } };
  define block exidx                          { section .ARM.exidx, section .ARM.exidx.* };
  define block tbss                           { section .tbss,      section .tbss.*  };
  define block tdata                          { section .tdata,     section .tdata.* };
  define block tls                            { block tbss, block tdata };
  define block tdata_load                     { copy of block tdata };
  define block heap  with size = __HEAPSIZE__,  alignment = 8, /* fill =0x00, */ readwrite access { };
  define block stack with size = __STACKSIZE__, alignment = 8, /* fill =0xCD, */ readwrite access { };
  
  //
  // Explicit initialization settings for sections
  //
  do not initialize                           { section .non_init, section .non_init.*, section .*.non_init, section .*.non_init.* };
  initialize by copy /* with packing=auto */  { section .data, section .data.*, section .*.data, section .*.data.* };
  initialize by copy /* with packing=auto */  { section .fast, section .fast.* };
  
  //
  // Explicit placement in FLASHn
  //
  place in FLASH1                             { section .FLASH1, section .FLASH1.* };
  
  //
  // FLASH Placement
  //
  place at start of FLASH                     { block vectors };                         // Vector table section
  place in FLASH with minimum size order      { section .init,   section .init.*,        // Init code section
                                                section .init_rodata, section .init_rodata.*, // Init read-only section
                                                section .text,   section .text.*,        // Code section
                                                section .rodata, section .rodata.*,      // Read-only data section
                                                section .segger.*,                       // Auto-generated initialization
                                                block exidx,                             // ARM exception unwinding block
                                                block ctors,                             // Constructors block
                                                block dtors };                           // Destructors block
  place in FLASH                              { block tdata_load };                      // Thread-local-storage load image
  
  //
  // Explicit placement in RAMn
  //
  place in RAM1                               { section .RAM1, section .RAM1.* };
  place in RAM2                               { section .RAM2, section .RAM2.* };
  
  
  //
  // RAM Placement
  //
  place at start of RAM                       { block vectors_ram };
  place in RAM                                { section .non_init, section .non_init.*,  // No initialization section
                                                block tls };                             // Thread-local-storage block
  place in RAM with auto order                { section .fast, section .fast.*,          // "ramfunc" section
                                                section .data, section .data.*,          // Initialized data section
                                                section .bss, section .bss.*
                                              };          // Static data section
  place in RAM                                { block heap };           // Heap reserved block
  place at end of RAM                         { block stack };          // Stack reserved block at the end


***************************************************************************************
***                                                                                 ***
***                                PLACEMENT SUMMARY                                ***
***                                                                                 ***
***************************************************************************************

place at 0x00000000

  Section                  Type  Address       Size  Align  Object
  -------                  ----  -------       ----  -----  ------
  .vectors                 Code  00000000     0x400      4  ses_startup_nrf5340_application.o

place at 0x20000000

  Section                  Type  Address       Size  Align  Object
  -------                  ----  -------       ----  -----  ------

place at 0x20040000

  Section                  Type  Address       Size  Align  Object
  -------                  ----  -------       ----  -----  ------

"<#3> at line 77, col 45": place in [0x00000000 to 0x000fffff] with auto order

  Section                  Type  Address       Size  Align  Object
  -------                  ----  -------       ----  -----  ------

"<#5> at line 83, col 45": place in [0x00000000 to 0x000fffff] with maximum packing

  Section                  Type  Address       Size  Align  Object
  -------                  ----  -------       ----  -----  ------
  .text.arm_cos_f32        Code  00000400     0x100      4  arm_cos_f32.o
  .text.libc.__vfprintf_int_nwp
                           Code  00000500     0x4fc      4  libvfprintf_v8mml_fpv5_sp_d16_hard_t_le_eabi.o
  .rodata.sinTable_f32     Cnst  000009fc     0x804      4  arm_common_tables.o
  .rodata.libc.__RAL_hex_uc
                           Cnst  00001200      0x10      4  libc2.o (libc_v8mml_fpv5_sp_d16_hard_t_le_eabi.a)
  .rodata.libc.__RAL_hex_lc
                           Cnst  00001210      0x10      4  libc2.o (libc_v8mml_fpv5_sp_d16_hard_t_le_eabi.a)
  .init                    Code  00001220      0x64      4  SEGGER_THUMB_Startup.o
  .init                    Code  00001284      0x2c      4  ses_startup_nrf_common.o
  .init                    Code  000012b0      0x1c      4  ses_startup_nrf5340_application.o
  .segger.init.data        Cnst  00001a38       0x4      4  - Linker created -
  .segger.init.table       Cnst  00001a3c      0x20      4  - Linker created -
  .init.SystemCoreClockUpdate
                           Code  000012cc      0x26      2  system_nrf5340_application.o
  .init.SystemInit         Code  000012f2     0x17a      2  system_nrf5340_application.o
  .text._DoInit            Code  0000146c      0x96      2  SEGGER_RTT.o
  .text._GetAvailWriteSpace
                           Code  00001502      0x3a      2  SEGGER_RTT.o
  .text._WriteBlocking     Code  0000153c      0xc6      2  SEGGER_RTT.o
  .text.SEGGER_RTT_Write   Code  00001602      0x42      2  SEGGER_RTT.o
  .text.libc.memcpy        Code  00001644      0x52      2  libc2_asm.o (libc_v8mml_fpv5_sp_d16_hard_t_le_eabi.a)
  .segger.init.__SEGGER_init_copy
                           Code  00001a5c      0x1a      2  SEGGER_THUMB_Startup.o
  .segger.init.__SEGGER_init_zero
                           Code  00001a76      0x16      2  SEGGER_THUMB_Startup.o
  .init.nrf53_errata_97    Code  00001696       0x4      2  system_nrf5340_application.o
  .init.nrf53_errata_64    Code  0000169a       0x4      2  system_nrf5340_application.o
  .init.nrf53_errata_42    Code  0000169e       0x4      2  system_nrf5340_application.o
  .init.nrf53_errata_46    Code  000016a2       0x4      2  system_nrf5340_application.o
  .init.nrf53_errata_49    Code  000016a6       0x4      2  system_nrf5340_application.o
  .init.nrf53_errata_55    Code  000016aa       0x4      2  system_nrf5340_application.o
  .init.nrf53_errata_69    Code  000016ae       0x4      2  system_nrf5340_application.o
  .text._WriteNoCheck      Code  000016b2      0x7c      2  SEGGER_RTT.o
  .text.SEGGER_RTT_WriteNoLock
                           Code  0000172e      0xa4      2  SEGGER_RTT.o
  .text.main               Code  000017d2      0x94      2  main.o
  .text.printf             Code  00001866      0x3c      2  SEGGER_RTT_SES.o
  .text.libc.__putc        Code  000018a2      0x34      2  libc2.o (libc_v8mml_fpv5_sp_d16_hard_t_le_eabi.a)
  .text.arm_nn_add_q7      Code  000018d6      0xdc      2  arm_nn_add_q7.o
  .text.libc.vsnprintf     Code  000019b2      0x1c      2  libc2.o (libc_v8mml_fpv5_sp_d16_hard_t_le_eabi.a)
  .text.libc.strcpy        Code  000019ce      0x44      2  libc2_asm.o (libc_v8mml_fpv5_sp_d16_hard_t_le_eabi.a)
  .rodata..L.str.2         Cnst  00001a12       0x7      1  SEGGER_RTT.o
  .rodata..L.str           Cnst  00001a19       0x9      1  SEGGER_RTT.o
  .rodata..L.str           Cnst  00001a22      0x11      1  main.o
  .rodata..L.str.1         Cnst  00001a33       0x4      1  SEGGER_RTT.o
  .rodata.block.tdata.copy
                           Cnst  00001a37                1  - Linker created -

"<#6> at line 91, col 45": place in [0x00000000 to 0x000fffff] with auto order

  Section                  Type  Address       Size  Align  Object
  -------                  ----  -------       ----  -----  ------

"<#7> at line 96, col 45": place in [0x20000000 to 0x2003ffff] with auto order

  Section                  Type  Address       Size  Align  Object
  -------                  ----  -------       ----  -----  ------

"<#8> at line 97, col 45": place in [0x20040000 to 0x2007ffff] with auto order

  Section                  Type  Address       Size  Align  Object
  -------                  ----  -------       ----  -----  ------

"<#10> at line 104, col 45": place in [0x20000000 to 0x2003ffff] with auto order

  Section                  Type  Address       Size  Align  Object
  -------                  ----  -------       ----  -----  ------

"<#11> at line 106, col 45": place in [0x20000000 to 0x2003ffff] with auto order

  Section                  Type  Address       Size  Align  Object
  -------                  ----  -------       ----  -----  ------
  .data.SystemCoreClock    Init  20000000       0x4      4  system_nrf5340_application.o
  .bss._acUpBuffer         Zero  20000004     0x400      1  SEGGER_RTT.o
  .bss._SEGGER_RTT         Zero  20000404      0x78      4  SEGGER_RTT.o
  .bss._acDownBuffer       Zero  2000047c      0x10      1  SEGGER_RTT.o
  .bss.libc.__user_format_extender
                           Zero  2000048c       0x4      4  libc2.o (libc_v8mml_fpv5_sp_d16_hard_t_le_eabi.a)

"<#12> at line 110, col 45": place in [0x20000000 to 0x2003ffff] with auto order

  Section                  Type  Address       Size  Align  Object
  -------                  ----  -------       ----  -----  ------


***************************************************************************************
***                                                                                 ***
***                              INITIALIZATION TABLE                               ***
***                                                                                 ***
***************************************************************************************

Zero (__SEGGER_init_zero)
    1 destination range, total size 0x48c
          [0x20000004 to 0x2000048f]
    4 initialized sections:
          [0x20000004 to 0x20000403]  section .bss._acUpBuffer from SEGGER_RTT.o, align=1
          [0x20000404 to 0x2000047b]  section .bss._SEGGER_RTT from SEGGER_RTT.o, align=4
          [0x2000047c to 0x2000048b]  section .bss._acDownBuffer from SEGGER_RTT.o, align=1
          [0x2000048c to 0x2000048f]  section .bss.libc.__user_format_extender from libc2.o (libc_v8mml_fpv5_sp_d16_hard_t_le_eabi.a), align=4

Copy packing=copy (__SEGGER_init_copy)
    1 source range, total size 0x4 (100% of destination)
          [0x00001a38 to 0x00001a3b]
    1 destination range, total size 0x4
          [0x20000000 to 0x20000003]
    1 initialized sections:
          [0x20000000 to 0x20000003]  section .data.SystemCoreClock from system_nrf5340_application.o, align=4

Totals:
    Initialization table:     0x20 bytes
    Source image:              0x4 bytes
    Destination image:         0x4 bytes


***************************************************************************************
***                                                                                 ***
***                                 MODULE SUMMARY                                  ***
***                                                                                 ***
***************************************************************************************

                                            Object      Code  RO Data  RW Data  ZI Data
---------------------------------------------------------------------------------------
                                      SEGGER_RTT.o       760       20              1160 
                                  SEGGER_RTT_SES.o        60                            
                            SEGGER_THUMB_Startup.o       148                            
                               arm_common_tables.o               2052                   
                                     arm_cos_f32.o       256                            
                                   arm_nn_add_q7.o       220                            
libc2.o (libc_v8mml_fpv5_sp_d16_hard_t_le_eabi.a)
                                                          80       32                 4 
libc2_asm.o (libc_v8mml_fpv5_sp_d16_hard_t_le_eabi.a)
                                                         150                            
    libvfprintf_v8mml_fpv5_sp_d16_hard_t_le_eabi.o      1276                            
                                            main.o       148       17                   
                 ses_startup_nrf5340_application.o      1052                            
                          ses_startup_nrf_common.o        44                            
                      system_nrf5340_application.o       444                 4          
                                                    ===================================
                                            Total:      4638     2121        4     1164
                                                    ===================================


***************************************************************************************
***                                                                                 ***
***                                   SYMBOL LIST                                   ***
***                                                                                 ***
***************************************************************************************

Symbols by value

  Symbol                   Value         Size  Align  Type      Object
  ------                   -----         ----  -----  ----      ------
  _vectors                 00000000     0x400      4  Code  Gb  ses_startup_nrf5340_application.o
  __vectors_ram_size__     00000000                   ----  Gb  - Linker created -
  vectors_ram$$Length      00000000                   ----  Gb  - Linker created -
  __vectors_ram_size       00000000                   ----  Gb  - Linker created -
  __STACKSIZE_PROCESS__    00000000                   ----  Gb  - Linker created -
  dtors$$Length            00000000                   ----  Gb  - Linker created -
  ctors$$Length            00000000                   ----  Gb  - Linker created -
  __vectors_start__        00000000                   ----  Gb  - Linker created -
  __dtors_size__           00000000                   ----  Gb  - Linker created -
  vectors$$Base            00000000                   ----  Gb  - Linker created -
  __vectors_start          00000000                   ----  Gb  - Linker created -
  __dtors_size             00000000                   ----  Gb  - Linker created -
  __tbss_size              00000000                   ----  Gb  - Linker created -
  tdata_load$$Length       00000000                   ----  Gb  - Linker created -
  __ctors_size             00000000                   ----  Gb  - Linker created -
  __tdata_size             00000000                   ----  Gb  - Linker created -
  __tdata_load_size__      00000000                   ----  Gb  - Linker created -
  __tdata_load_size        00000000                   ----  Gb  - Linker created -
  tls$$Length              00000000                   ----  Gb  - Linker created -
  exidx$$Length            00000000                   ----  Gb  - Linker created -
  __exidx_size             00000000                   ----  Gb  - Linker created -
  __tbss_size__            00000000                   ----  Gb  - Linker created -
  __tdata_size__           00000000                   ----  Gb  - Linker created -
  __exidx_size__           00000000                   ----  Gb  - Linker created -
  __tls_size__             00000000                   ----  Gb  - Linker created -
  __tls_size               00000000                   ----  Gb  - Linker created -
  tbss$$Length             00000000                   ----  Gb  - Linker created -
  tdata$$Length            00000000                   ----  Gb  - Linker created -
  __ctors_size__           00000000                   ----  Gb  - Linker created -
  __FLASH1_segment_used_start__
                           00000000                   ----  Gb  - Linker created -
  __FLASH_segment_used_start__
                           00000000                   ----  Gb  - Linker created -
  __FLASH_segment_start__  00000000                   ----  Gb  - Linker created -
  __FLASH1_segment_start__
                           00000000                   ----  Gb  - Linker created -
  __RAM2_segment_used_size__
                           00000000                   ----  Gb  - Linker created -
  _vectors_end             00000400     0x400      4  Code  Lc  ses_startup_nrf5340_application.o
  __vectors_end__          00000400                   ----  Gb  - Linker created -
  vectors$$Limit           00000400                   ----  Gb  - Linker created -
  __vectors_end            00000400                   ----  Gb  - Linker created -
  __vectors_size__         00000400                   ----  Gb  - Linker created -
  __vectors_size           00000400                   ----  Gb  - Linker created -
  vectors$$Length          00000400                   ----  Gb  - Linker created -
  arm_cos_f32              00000401     0x100      4  Code  Gb  arm_cos_f32.o
  __vfprintf_int_nwp       00000501     0x4fc      4  Code  Gb  libvfprintf_v8mml_fpv5_sp_d16_hard_t_le_eabi.o
  __vfprintf               00000501     0x4fc      4  Code  Gb  libvfprintf_v8mml_fpv5_sp_d16_hard_t_le_eabi.o
  sinTable_f32             000009fc     0x804      4  Cnst  Gb  arm_common_tables.o
  __RAL_hex_uc             00001200      0x10      4  Cnst  Gb  libc2.o (libc_v8mml_fpv5_sp_d16_hard_t_le_eabi.a)
  __RAL_hex_lc             00001210      0x10      4  Cnst  Gb  libc2.o (libc_v8mml_fpv5_sp_d16_hard_t_le_eabi.a)
  _start                   00001221      0x64      4  Code  Gb  SEGGER_THUMB_Startup.o
  ctor_loop                00001248      0x64      4  Code  Lc  SEGGER_THUMB_Startup.o
  ctor_end                 00001258      0x64      4  Code  Lc  SEGGER_THUMB_Startup.o
  start                    0000125f      0x64      4  Code  Lc  SEGGER_THUMB_Startup.o
  exit_loop                00001266      0x64      4  Code  Lc  SEGGER_THUMB_Startup.o
  exit                     00001267      0x64      4  Code  Wk  SEGGER_THUMB_Startup.o
  Reset_Handler            00001285      0x2c      4  Code  Gb  ses_startup_nrf_common.o
  afterInitialize          00001288      0x2c      4  Code  Gb  ses_startup_nrf_common.o
  NMI_Handler              000012b1      0x1c      4  Code  Wk  ses_startup_nrf5340_application.o
  HardFault_Handler        000012b3      0x1c      4  Code  Wk  ses_startup_nrf5340_application.o
  MemoryManagement_Handler
                           000012b5      0x1c      4  Code  Wk  ses_startup_nrf5340_application.o
  BusFault_Handler         000012b7      0x1c      4  Code  Wk  ses_startup_nrf5340_application.o
  UsageFault_Handler       000012b9      0x1c      4  Code  Wk  ses_startup_nrf5340_application.o
  SecureFault_Handler      000012bb      0x1c      4  Code  Wk  ses_startup_nrf5340_application.o
  SVC_Handler              000012bd      0x1c      4  Code  Wk  ses_startup_nrf5340_application.o
  DebugMon_Handler         000012bf      0x1c      4  Code  Wk  ses_startup_nrf5340_application.o
  PendSV_Handler           000012c1      0x1c      4  Code  Wk  ses_startup_nrf5340_application.o
  SysTick_Handler          000012c3      0x1c      4  Code  Wk  ses_startup_nrf5340_application.o
  SPIM3_SPIS3_TWIM3_TWIS3_UARTE3_IRQHandler
                           000012c5      0x1c      4  Code  Wk  ses_startup_nrf5340_application.o
  SPIM2_SPIS2_TWIM2_TWIS2_UARTE2_IRQHandler
                           000012c5      0x1c      4  Code  Wk  ses_startup_nrf5340_application.o
  SAADC_IRQHandler         000012c5      0x1c      4  Code  Wk  ses_startup_nrf5340_application.o
  SPIM4_IRQHandler         000012c5      0x1c      4  Code  Wk  ses_startup_nrf5340_application.o
  WDT0_IRQHandler          000012c5      0x1c      4  Code  Wk  ses_startup_nrf5340_application.o
  WDT1_IRQHandler          000012c5      0x1c      4  Code  Wk  ses_startup_nrf5340_application.o
  SPU_IRQHandler           000012c5      0x1c      4  Code  Wk  ses_startup_nrf5340_application.o
  EGU0_IRQHandler          000012c5      0x1c      4  Code  Wk  ses_startup_nrf5340_application.o
  EGU1_IRQHandler          000012c5      0x1c      4  Code  Wk  ses_startup_nrf5340_application.o
  EGU3_IRQHandler          000012c5      0x1c      4  Code  Wk  ses_startup_nrf5340_application.o
  EGU4_IRQHandler          000012c5      0x1c      4  Code  Wk  ses_startup_nrf5340_application.o
  EGU5_IRQHandler          000012c5      0x1c      4  Code  Wk  ses_startup_nrf5340_application.o
  RTC1_IRQHandler          000012c5      0x1c      4  Code  Wk  ses_startup_nrf5340_application.o
  PWM3_IRQHandler          000012c5      0x1c      4  Code  Wk  ses_startup_nrf5340_application.o
  FPU_IRQHandler           000012c5      0x1c      4  Code  Wk  ses_startup_nrf5340_application.o
  SPIM1_SPIS1_TWIM1_TWIS1_UARTE1_IRQHandler
                           000012c5      0x1c      4  Code  Wk  ses_startup_nrf5340_application.o
  PWM2_IRQHandler          000012c5      0x1c      4  Code  Wk  ses_startup_nrf5340_application.o
  TIMER2_IRQHandler        000012c5      0x1c      4  Code  Wk  ses_startup_nrf5340_application.o
  PDM0_IRQHandler          000012c5      0x1c      4  Code  Wk  ses_startup_nrf5340_application.o
  CLOCK_POWER_IRQHandler   000012c5      0x1c      4  Code  Wk  ses_startup_nrf5340_application.o
  PWM0_IRQHandler          000012c5      0x1c      4  Code  Wk  ses_startup_nrf5340_application.o
  PWM1_IRQHandler          000012c5      0x1c      4  Code  Wk  ses_startup_nrf5340_application.o
  I2S0_IRQHandler          000012c5      0x1c      4  Code  Wk  ses_startup_nrf5340_application.o
  SPIM0_SPIS0_TWIM0_TWIS0_UARTE0_IRQHandler
                           000012c5      0x1c      4  Code  Wk  ses_startup_nrf5340_application.o
  IPC_IRQHandler           000012c5      0x1c      4  Code  Wk  ses_startup_nrf5340_application.o
  Dummy_Handler            000012c5      0x1c      4  Code  Wk  ses_startup_nrf5340_application.o
  RTC0_IRQHandler          000012c5      0x1c      4  Code  Wk  ses_startup_nrf5340_application.o
  EGU2_IRQHandler          000012c5      0x1c      4  Code  Wk  ses_startup_nrf5340_application.o
  GPIOTE0_IRQHandler       000012c5      0x1c      4  Code  Wk  ses_startup_nrf5340_application.o
  TIMER1_IRQHandler        000012c5      0x1c      4  Code  Wk  ses_startup_nrf5340_application.o
  TIMER0_IRQHandler        000012c5      0x1c      4  Code  Wk  ses_startup_nrf5340_application.o
  COMP_LPCOMP_IRQHandler   000012c5      0x1c      4  Code  Wk  ses_startup_nrf5340_application.o
  CACHE_IRQHandler         000012c5      0x1c      4  Code  Wk  ses_startup_nrf5340_application.o
  CRYPTOCELL_IRQHandler    000012c5      0x1c      4  Code  Wk  ses_startup_nrf5340_application.o
  USBD_IRQHandler          000012c5      0x1c      4  Code  Wk  ses_startup_nrf5340_application.o
  QDEC1_IRQHandler         000012c5      0x1c      4  Code  Wk  ses_startup_nrf5340_application.o
  USBREGULATOR_IRQHandler  000012c5      0x1c      4  Code  Wk  ses_startup_nrf5340_application.o
  QSPI_IRQHandler          000012c5      0x1c      4  Code  Wk  ses_startup_nrf5340_application.o
  NFCT_IRQHandler          000012c5      0x1c      4  Code  Wk  ses_startup_nrf5340_application.o
  QDEC0_IRQHandler         000012c5      0x1c      4  Code  Wk  ses_startup_nrf5340_application.o
  GPIOTE1_IRQHandler       000012c5      0x1c      4  Code  Wk  ses_startup_nrf5340_application.o
  KMU_IRQHandler           000012c5      0x1c      4  Code  Wk  ses_startup_nrf5340_application.o
  nRFInitialize            000012c7      0x1c      4  Code  Gb  ses_startup_nrf5340_application.o
  SystemCoreClockUpdate    000012cd      0x26      2  Code  Gb  system_nrf5340_application.o
  SystemInit               000012f3     0x17a      2  Code  Gb  system_nrf5340_application.o
  _DoInit                  0000146d      0x96      2  Code  Lc  SEGGER_RTT.o
  _GetAvailWriteSpace      00001503      0x3a      2  Code  Lc  SEGGER_RTT.o
  _WriteBlocking           0000153d      0xc6      2  Code  Lc  SEGGER_RTT.o
  SEGGER_RTT_Write         00001603      0x42      2  Code  Gb  SEGGER_RTT.o
  memcpy                   00001645      0x52      2  Code  Wk  libc2_asm.o (libc_v8mml_fpv5_sp_d16_hard_t_le_eabi.a)
  __aeabi_memcpy           00001645      0x52      2  Code  Wk  libc2_asm.o (libc_v8mml_fpv5_sp_d16_hard_t_le_eabi.a)
  __aeabi_memcpy4          00001651      0x52      2  Code  Wk  libc2_asm.o (libc_v8mml_fpv5_sp_d16_hard_t_le_eabi.a)
  __aeabi_memcpy8          00001651      0x52      2  Code  Wk  libc2_asm.o (libc_v8mml_fpv5_sp_d16_hard_t_le_eabi.a)
  nrf53_errata_97          00001697       0x4      2  Code  Lc  system_nrf5340_application.o
  nrf53_errata_64          0000169b       0x4      2  Code  Lc  system_nrf5340_application.o
  nrf53_errata_42          0000169f       0x4      2  Code  Lc  system_nrf5340_application.o
  nrf53_errata_46          000016a3       0x4      2  Code  Lc  system_nrf5340_application.o
  nrf53_errata_49          000016a7       0x4      2  Code  Lc  system_nrf5340_application.o
  nrf53_errata_55          000016ab       0x4      2  Code  Lc  system_nrf5340_application.o
  nrf53_errata_69          000016af       0x4      2  Code  Lc  system_nrf5340_application.o
  _WriteNoCheck            000016b3      0x7c      2  Code  Lc  SEGGER_RTT.o
  SEGGER_RTT_WriteNoLock   0000172f      0xa4      2  Code  Gb  SEGGER_RTT.o
  main                     000017d3      0x94      2  Code  Gb  main.o
  printf                   00001867      0x3c      2  Code  Gb  SEGGER_RTT_SES.o
  __putc                   000018a3      0x34      2  Code  Gb  libc2.o (libc_v8mml_fpv5_sp_d16_hard_t_le_eabi.a)
  arm_nn_add_q7            000018d7      0xdc      2  Code  Gb  arm_nn_add_q7.o
  vsnprintf                000019b3      0x1c      2  Code  Wk  libc2.o (libc_v8mml_fpv5_sp_d16_hard_t_le_eabi.a)
  strcpy                   000019cf      0x44      2  Code  Wk  libc2_asm.o (libc_v8mml_fpv5_sp_d16_hard_t_le_eabi.a)
  .L.str.2                 00001a12       0x7         Cnst  Lc  SEGGER_RTT.o
  .L.str                   00001a19       0x9         Cnst  Lc  SEGGER_RTT.o
  .L.str                   00001a22      0x11         Cnst  Lc  main.o
  .L.str.1                 00001a33       0x4         Cnst  Lc  SEGGER_RTT.o
  __dtors_end__            00001a33                   ----  Gb  - Linker created -
  ctors$$Base              00001a33                   ----  Gb  - Linker created -
  ctors$$Limit             00001a33                   ----  Gb  - Linker created -
  dtors$$Base              00001a33                   ----  Gb  - Linker created -
  __ctors_start__          00001a33                   ----  Gb  - Linker created -
  dtors$$Limit             00001a33                   ----  Gb  - Linker created -
  __dtors_start__          00001a33                   ----  Gb  - Linker created -
  __dtors_start            00001a33                   ----  Gb  - Linker created -
  __dtors_end              00001a33                   ----  Gb  - Linker created -
  __exidx_end              00001a33                   ----  Gb  - Linker created -
  __exidx_start            00001a33                   ----  Gb  - Linker created -
  __exidx_start__          00001a33                   ----  Gb  - Linker created -
  __ctors_end              00001a33                   ----  Gb  - Linker created -
  __ctors_end__            00001a33                   ----  Gb  - Linker created -
  __ctors_start            00001a33                   ----  Gb  - Linker created -
  exidx$$Limit             00001a33                   ----  Gb  - Linker created -
  exidx$$Base              00001a33                   ----  Gb  - Linker created -
  __exidx_end__            00001a33                   ----  Gb  - Linker created -
  __tdata_load_end__       00001a37                   ----  Gb  - Linker created -
  tdata_load$$Limit        00001a37                   ----  Gb  - Linker created -
  __tdata_load_start       00001a37                   ----  Gb  - Linker created -
  __tdata_load_start__     00001a37                   ----  Gb  - Linker created -
  __tdata_load_end         00001a37                   ----  Gb  - Linker created -
  tdata_load$$Base         00001a37                   ----  Gb  - Linker created -
  __SEGGER_init_data__     00001a38       0x4      4  Cnst  Lc  - Linker created -
  __SEGGER_init_table__    00001a3c      0x20      4  Cnst  Lc  - Linker created -
  __SEGGER_init_copy       00001a5d      0x1a      2  Code  Gb  SEGGER_THUMB_Startup.o
  __SEGGER_init_zero       00001a77      0x16      2  Code  Gb  SEGGER_THUMB_Startup.o
  __FLASH_segment_used_end__
                           00001a8c                   ----  Gb  - Linker created -
  __FLASH_segment_used_size__
                           00001a8c                   ----  Gb  - Linker created -
  __FLASH1_segment_used_end__
                           00001a8c                   ----  Gb  - Linker created -
  __FLASH1_segment_used_size__
                           00001a8c                   ----  Gb  - Linker created -
  __HEAPSIZE__             00004000                   ----  Gb  - Linker created -
  __STACKSIZE__            00004000                   ----  Gb  - Linker created -
  __heap_size__            00004000                   ----  Gb  - Linker created -
  stack$$Length            00004000                   ----  Gb  - Linker created -
  __heap_size              00004000                   ----  Gb  - Linker created -
  heap$$Length             00004000                   ----  Gb  - Linker created -
  __stack_size__           00004000                   ----  Gb  - Linker created -
  __stack_size             00004000                   ----  Gb  - Linker created -
  __RAM1_segment_used_size__
                           00040000                   ----  Gb  - Linker created -
  __RAM_segment_used_size__
                           00040000                   ----  Gb  - Linker created -
  __RAM1_segment_size__    00040000                   ----  Gb  - Linker created -
  __RAM2_segment_size__    00040000                   ----  Gb  - Linker created -
  __RAM_segment_size__     00040000                   ----  Gb  - Linker created -
  __FLASH_segment_end__    00100000                   ----  Gb  - Linker created -
  __FLASH1_segment_end__   00100000                   ----  Gb  - Linker created -
  __FLASH_segment_size__   00100000                   ----  Gb  - Linker created -
  __FLASH1_segment_size__  00100000                   ----  Gb  - Linker created -
  SystemCoreClock          20000000       0x4      4  Data  Gb  system_nrf5340_application.o
  __vectors_ram_end        20000000                   ----  Gb  - Linker created -
  __vectors_ram_start__    20000000                   ----  Gb  - Linker created -
  __vectors_ram_end__      20000000                   ----  Gb  - Linker created -
  vectors_ram$$Base        20000000                   ----  Gb  - Linker created -
  vectors_ram$$Limit       20000000                   ----  Gb  - Linker created -
  __vectors_ram_start      20000000                   ----  Gb  - Linker created -
  tls$$Base                20000000                   ----  Gb  - Linker created -
  __tls_end                20000000                   ----  Gb  - Linker created -
  __tls_start              20000000                   ----  Gb  - Linker created -
  tbss$$Limit              20000000                   ----  Gb  - Linker created -
  __tls_start__            20000000                   ----  Gb  - Linker created -
  tdata$$Base              20000000                   ----  Gb  - Linker created -
  tdata$$Limit             20000000                   ----  Gb  - Linker created -
  __tdata_start__          20000000                   ----  Gb  - Linker created -
  __tdata_start            20000000                   ----  Gb  - Linker created -
  __tdata_end              20000000                   ----  Gb  - Linker created -
  tls$$Limit               20000000                   ----  Gb  - Linker created -
  __tdata_end__            20000000                   ----  Gb  - Linker created -
  __tbss_start__           20000000                   ----  Gb  - Linker created -
  __tbss_end               20000000                   ----  Gb  - Linker created -
  __tbss_end__             20000000                   ----  Gb  - Linker created -
  __tbss_start             20000000                   ----  Gb  - Linker created -
  tbss$$Base               20000000                   ----  Gb  - Linker created -
  __tls_end__              20000000                   ----  Gb  - Linker created -
  __RAM_segment_start__    20000000                   ----  Gb  - Linker created -
  __RAM_segment_used_start__
                           20000000                   ----  Gb  - Linker created -
  __RAM1_segment_used_start__
                           20000000                   ----  Gb  - Linker created -
  __RAM1_segment_start__   20000000                   ----  Gb  - Linker created -
  _acUpBuffer              20000004     0x400         Data  Lc  SEGGER_RTT.o
  _SEGGER_RTT              20000404      0x78      4  Data  Gb  SEGGER_RTT.o
  _acDownBuffer            2000047c      0x10         Data  Lc  SEGGER_RTT.o
  __user_format_extender   2000048c       0x4      4  Data  Gb  libc2.o (libc_v8mml_fpv5_sp_d16_hard_t_le_eabi.a)
  __heap_start             20000490                   ----  Gb  - Linker created -
  heap$$Base               20000490                   ----  Gb  - Linker created -
  __heap_start__           20000490                   ----  Gb  - Linker created -
  heap$$Limit              20004490                   ----  Gb  - Linker created -
  __heap_end__             20004490                   ----  Gb  - Linker created -
  __heap_end               20004490                   ----  Gb  - Linker created -
  stack$$Base              2003c000                   ----  Gb  - Linker created -
  __stack_start__          2003c000                   ----  Gb  - Linker created -
  __stack_start            2003c000                   ----  Gb  - Linker created -
  stack$$Limit             20040000                   ----  Gb  - Linker created -
  __stack_end__            20040000                   ----  Gb  - Linker created -
  __RAM1_segment_end__     20040000                   ----  Gb  - Linker created -
  __stack_end              20040000                   ----  Gb  - Linker created -
  __RAM_segment_end__      20040000                   ----  Gb  - Linker created -
  __RAM_segment_used_end__
                           20040000                   ----  Gb  - Linker created -
  __RAM1_segment_used_end__
                           20040000                   ----  Gb  - Linker created -
  __RAM2_segment_start__   20040000                   ----  Gb  - Linker created -
  __RAM2_segment_used_start__
                           20040000                   ----  Gb  - Linker created -
  __RAM2_segment_used_end__
                           20040000                   ----  Gb  - Linker created -
  __RAM2_segment_end__     20080000                   ----  Gb  - Linker created -

Symbols by name

  Symbol                   Value         Size  Align  Type      Object
  ------                   -----         ----  -----  ----      ------
  .L.str                   00001a19       0x9         Cnst  Lc  SEGGER_RTT.o
  .L.str                   00001a22      0x11         Cnst  Lc  main.o
  .L.str.1                 00001a33       0x4         Cnst  Lc  SEGGER_RTT.o
  .L.str.2                 00001a12       0x7         Cnst  Lc  SEGGER_RTT.o
  BusFault_Handler         000012b7      0x1c      4  Code  Wk  ses_startup_nrf5340_application.o
  CACHE_IRQHandler         000012c5      0x1c      4  Code  Wk  ses_startup_nrf5340_application.o
  CLOCK_POWER_IRQHandler   000012c5      0x1c      4  Code  Wk  ses_startup_nrf5340_application.o
  COMP_LPCOMP_IRQHandler   000012c5      0x1c      4  Code  Wk  ses_startup_nrf5340_application.o
  CRYPTOCELL_IRQHandler    000012c5      0x1c      4  Code  Wk  ses_startup_nrf5340_application.o
  DebugMon_Handler         000012bf      0x1c      4  Code  Wk  ses_startup_nrf5340_application.o
  Dummy_Handler            000012c5      0x1c      4  Code  Wk  ses_startup_nrf5340_application.o
  EGU0_IRQHandler          000012c5      0x1c      4  Code  Wk  ses_startup_nrf5340_application.o
  EGU1_IRQHandler          000012c5      0x1c      4  Code  Wk  ses_startup_nrf5340_application.o
  EGU2_IRQHandler          000012c5      0x1c      4  Code  Wk  ses_startup_nrf5340_application.o
  EGU3_IRQHandler          000012c5      0x1c      4  Code  Wk  ses_startup_nrf5340_application.o
  EGU4_IRQHandler          000012c5      0x1c      4  Code  Wk  ses_startup_nrf5340_application.o
  EGU5_IRQHandler          000012c5      0x1c      4  Code  Wk  ses_startup_nrf5340_application.o
  FPU_IRQHandler           000012c5      0x1c      4  Code  Wk  ses_startup_nrf5340_application.o
  GPIOTE0_IRQHandler       000012c5      0x1c      4  Code  Wk  ses_startup_nrf5340_application.o
  GPIOTE1_IRQHandler       000012c5      0x1c      4  Code  Wk  ses_startup_nrf5340_application.o
  HardFault_Handler        000012b3      0x1c      4  Code  Wk  ses_startup_nrf5340_application.o
  I2S0_IRQHandler          000012c5      0x1c      4  Code  Wk  ses_startup_nrf5340_application.o
  IPC_IRQHandler           000012c5      0x1c      4  Code  Wk  ses_startup_nrf5340_application.o
  KMU_IRQHandler           000012c5      0x1c      4  Code  Wk  ses_startup_nrf5340_application.o
  MemoryManagement_Handler
                           000012b5      0x1c      4  Code  Wk  ses_startup_nrf5340_application.o
  NFCT_IRQHandler          000012c5      0x1c      4  Code  Wk  ses_startup_nrf5340_application.o
  NMI_Handler              000012b1      0x1c      4  Code  Wk  ses_startup_nrf5340_application.o
  PDM0_IRQHandler          000012c5      0x1c      4  Code  Wk  ses_startup_nrf5340_application.o
  PWM0_IRQHandler          000012c5      0x1c      4  Code  Wk  ses_startup_nrf5340_application.o
  PWM1_IRQHandler          000012c5      0x1c      4  Code  Wk  ses_startup_nrf5340_application.o
  PWM2_IRQHandler          000012c5      0x1c      4  Code  Wk  ses_startup_nrf5340_application.o
  PWM3_IRQHandler          000012c5      0x1c      4  Code  Wk  ses_startup_nrf5340_application.o
  PendSV_Handler           000012c1      0x1c      4  Code  Wk  ses_startup_nrf5340_application.o
  QDEC0_IRQHandler         000012c5      0x1c      4  Code  Wk  ses_startup_nrf5340_application.o
  QDEC1_IRQHandler         000012c5      0x1c      4  Code  Wk  ses_startup_nrf5340_application.o
  QSPI_IRQHandler          000012c5      0x1c      4  Code  Wk  ses_startup_nrf5340_application.o
  RTC0_IRQHandler          000012c5      0x1c      4  Code  Wk  ses_startup_nrf5340_application.o
  RTC1_IRQHandler          000012c5      0x1c      4  Code  Wk  ses_startup_nrf5340_application.o
  Reset_Handler            00001285      0x2c      4  Code  Gb  ses_startup_nrf_common.o
  SAADC_IRQHandler         000012c5      0x1c      4  Code  Wk  ses_startup_nrf5340_application.o
  SEGGER_RTT_Write         00001603      0x42      2  Code  Gb  SEGGER_RTT.o
  SEGGER_RTT_WriteNoLock   0000172f      0xa4      2  Code  Gb  SEGGER_RTT.o
  SPIM0_SPIS0_TWIM0_TWIS0_UARTE0_IRQHandler
                           000012c5      0x1c      4  Code  Wk  ses_startup_nrf5340_application.o
  SPIM1_SPIS1_TWIM1_TWIS1_UARTE1_IRQHandler
                           000012c5      0x1c      4  Code  Wk  ses_startup_nrf5340_application.o
  SPIM2_SPIS2_TWIM2_TWIS2_UARTE2_IRQHandler
                           000012c5      0x1c      4  Code  Wk  ses_startup_nrf5340_application.o
  SPIM3_SPIS3_TWIM3_TWIS3_UARTE3_IRQHandler
                           000012c5      0x1c      4  Code  Wk  ses_startup_nrf5340_application.o
  SPIM4_IRQHandler         000012c5      0x1c      4  Code  Wk  ses_startup_nrf5340_application.o
  SPU_IRQHandler           000012c5      0x1c      4  Code  Wk  ses_startup_nrf5340_application.o
  SVC_Handler              000012bd      0x1c      4  Code  Wk  ses_startup_nrf5340_application.o
  SecureFault_Handler      000012bb      0x1c      4  Code  Wk  ses_startup_nrf5340_application.o
  SysTick_Handler          000012c3      0x1c      4  Code  Wk  ses_startup_nrf5340_application.o
  SystemCoreClock          20000000       0x4      4  Data  Gb  system_nrf5340_application.o
  SystemCoreClockUpdate    000012cd      0x26      2  Code  Gb  system_nrf5340_application.o
  SystemInit               000012f3     0x17a      2  Code  Gb  system_nrf5340_application.o
  TIMER0_IRQHandler        000012c5      0x1c      4  Code  Wk  ses_startup_nrf5340_application.o
  TIMER1_IRQHandler        000012c5      0x1c      4  Code  Wk  ses_startup_nrf5340_application.o
  TIMER2_IRQHandler        000012c5      0x1c      4  Code  Wk  ses_startup_nrf5340_application.o
  USBD_IRQHandler          000012c5      0x1c      4  Code  Wk  ses_startup_nrf5340_application.o
  USBREGULATOR_IRQHandler  000012c5      0x1c      4  Code  Wk  ses_startup_nrf5340_application.o
  UsageFault_Handler       000012b9      0x1c      4  Code  Wk  ses_startup_nrf5340_application.o
  WDT0_IRQHandler          000012c5      0x1c      4  Code  Wk  ses_startup_nrf5340_application.o
  WDT1_IRQHandler          000012c5      0x1c      4  Code  Wk  ses_startup_nrf5340_application.o
  _DoInit                  0000146d      0x96      2  Code  Lc  SEGGER_RTT.o
  _GetAvailWriteSpace      00001503      0x3a      2  Code  Lc  SEGGER_RTT.o
  _SEGGER_RTT              20000404      0x78      4  Data  Gb  SEGGER_RTT.o
  _WriteBlocking           0000153d      0xc6      2  Code  Lc  SEGGER_RTT.o
  _WriteNoCheck            000016b3      0x7c      2  Code  Lc  SEGGER_RTT.o
  __FLASH1_segment_end__   00100000                   ----  Gb  - Linker created -
  __FLASH1_segment_size__  00100000                   ----  Gb  - Linker created -
  __FLASH1_segment_start__
                           00000000                   ----  Gb  - Linker created -
  __FLASH1_segment_used_end__
                           00001a8c                   ----  Gb  - Linker created -
  __FLASH1_segment_used_size__
                           00001a8c                   ----  Gb  - Linker created -
  __FLASH1_segment_used_start__
                           00000000                   ----  Gb  - Linker created -
  __FLASH_segment_end__    00100000                   ----  Gb  - Linker created -
  __FLASH_segment_size__   00100000                   ----  Gb  - Linker created -
  __FLASH_segment_start__  00000000                   ----  Gb  - Linker created -
  __FLASH_segment_used_end__
                           00001a8c                   ----  Gb  - Linker created -
  __FLASH_segment_used_size__
                           00001a8c                   ----  Gb  - Linker created -
  __FLASH_segment_used_start__
                           00000000                   ----  Gb  - Linker created -
  __HEAPSIZE__             00004000                   ----  Gb  - Linker created -
  __RAL_hex_lc             00001210      0x10      4  Cnst  Gb  libc2.o (libc_v8mml_fpv5_sp_d16_hard_t_le_eabi.a)
  __RAL_hex_uc             00001200      0x10      4  Cnst  Gb  libc2.o (libc_v8mml_fpv5_sp_d16_hard_t_le_eabi.a)
  __RAM1_segment_end__     20040000                   ----  Gb  - Linker created -
  __RAM1_segment_size__    00040000                   ----  Gb  - Linker created -
  __RAM1_segment_start__   20000000                   ----  Gb  - Linker created -
  __RAM1_segment_used_end__
                           20040000                   ----  Gb  - Linker created -
  __RAM1_segment_used_size__
                           00040000                   ----  Gb  - Linker created -
  __RAM1_segment_used_start__
                           20000000                   ----  Gb  - Linker created -
  __RAM2_segment_end__     20080000                   ----  Gb  - Linker created -
  __RAM2_segment_size__    00040000                   ----  Gb  - Linker created -
  __RAM2_segment_start__   20040000                   ----  Gb  - Linker created -
  __RAM2_segment_used_end__
                           20040000                   ----  Gb  - Linker created -
  __RAM2_segment_used_size__
                           00000000                   ----  Gb  - Linker created -
  __RAM2_segment_used_start__
                           20040000                   ----  Gb  - Linker created -
  __RAM_segment_end__      20040000                   ----  Gb  - Linker created -
  __RAM_segment_size__     00040000                   ----  Gb  - Linker created -
  __RAM_segment_start__    20000000                   ----  Gb  - Linker created -
  __RAM_segment_used_end__
                           20040000                   ----  Gb  - Linker created -
  __RAM_segment_used_size__
                           00040000                   ----  Gb  - Linker created -
  __RAM_segment_used_start__
                           20000000                   ----  Gb  - Linker created -
  __SEGGER_init_copy       00001a5d      0x1a      2  Code  Gb  SEGGER_THUMB_Startup.o
  __SEGGER_init_data__     00001a38       0x4      4  Cnst  Lc  - Linker created -
  __SEGGER_init_table__    00001a3c      0x20      4  Cnst  Lc  - Linker created -
  __SEGGER_init_zero       00001a77      0x16      2  Code  Gb  SEGGER_THUMB_Startup.o
  __STACKSIZE_PROCESS__    00000000                   ----  Gb  - Linker created -
  __STACKSIZE__            00004000                   ----  Gb  - Linker created -
  __aeabi_memcpy           00001645      0x52      2  Code  Wk  libc2_asm.o (libc_v8mml_fpv5_sp_d16_hard_t_le_eabi.a)
  __aeabi_memcpy4          00001651      0x52      2  Code  Wk  libc2_asm.o (libc_v8mml_fpv5_sp_d16_hard_t_le_eabi.a)
  __aeabi_memcpy8          00001651      0x52      2  Code  Wk  libc2_asm.o (libc_v8mml_fpv5_sp_d16_hard_t_le_eabi.a)
  __ctors_end              00001a33                   ----  Gb  - Linker created -
  __ctors_end__            00001a33                   ----  Gb  - Linker created -
  __ctors_size             00000000                   ----  Gb  - Linker created -
  __ctors_size__           00000000                   ----  Gb  - Linker created -
  __ctors_start            00001a33                   ----  Gb  - Linker created -
  __ctors_start__          00001a33                   ----  Gb  - Linker created -
  __dtors_end              00001a33                   ----  Gb  - Linker created -
  __dtors_end__            00001a33                   ----  Gb  - Linker created -
  __dtors_size             00000000                   ----  Gb  - Linker created -
  __dtors_size__           00000000                   ----  Gb  - Linker created -
  __dtors_start            00001a33                   ----  Gb  - Linker created -
  __dtors_start__          00001a33                   ----  Gb  - Linker created -
  __exidx_end              00001a33                   ----  Gb  - Linker created -
  __exidx_end__            00001a33                   ----  Gb  - Linker created -
  __exidx_size             00000000                   ----  Gb  - Linker created -
  __exidx_size__           00000000                   ----  Gb  - Linker created -
  __exidx_start            00001a33                   ----  Gb  - Linker created -
  __exidx_start__          00001a33                   ----  Gb  - Linker created -
  __heap_end               20004490                   ----  Gb  - Linker created -
  __heap_end__             20004490                   ----  Gb  - Linker created -
  __heap_size              00004000                   ----  Gb  - Linker created -
  __heap_size__            00004000                   ----  Gb  - Linker created -
  __heap_start             20000490                   ----  Gb  - Linker created -
  __heap_start__           20000490                   ----  Gb  - Linker created -
  __putc                   000018a3      0x34      2  Code  Gb  libc2.o (libc_v8mml_fpv5_sp_d16_hard_t_le_eabi.a)
  __stack_end              20040000                   ----  Gb  - Linker created -
  __stack_end__            20040000                   ----  Gb  - Linker created -
  __stack_size             00004000                   ----  Gb  - Linker created -
  __stack_size__           00004000                   ----  Gb  - Linker created -
  __stack_start            2003c000                   ----  Gb  - Linker created -
  __stack_start__          2003c000                   ----  Gb  - Linker created -
  __tbss_end               20000000                   ----  Gb  - Linker created -
  __tbss_end__             20000000                   ----  Gb  - Linker created -
  __tbss_size              00000000                   ----  Gb  - Linker created -
  __tbss_size__            00000000                   ----  Gb  - Linker created -
  __tbss_start             20000000                   ----  Gb  - Linker created -
  __tbss_start__           20000000                   ----  Gb  - Linker created -
  __tdata_end              20000000                   ----  Gb  - Linker created -
  __tdata_end__            20000000                   ----  Gb  - Linker created -
  __tdata_load_end         00001a37                   ----  Gb  - Linker created -
  __tdata_load_end__       00001a37                   ----  Gb  - Linker created -
  __tdata_load_size        00000000                   ----  Gb  - Linker created -
  __tdata_load_size__      00000000                   ----  Gb  - Linker created -
  __tdata_load_start       00001a37                   ----  Gb  - Linker created -
  __tdata_load_start__     00001a37                   ----  Gb  - Linker created -
  __tdata_size             00000000                   ----  Gb  - Linker created -
  __tdata_size__           00000000                   ----  Gb  - Linker created -
  __tdata_start            20000000                   ----  Gb  - Linker created -
  __tdata_start__          20000000                   ----  Gb  - Linker created -
  __tls_end                20000000                   ----  Gb  - Linker created -
  __tls_end__              20000000                   ----  Gb  - Linker created -
  __tls_size               00000000                   ----  Gb  - Linker created -
  __tls_size__             00000000                   ----  Gb  - Linker created -
  __tls_start              20000000                   ----  Gb  - Linker created -
  __tls_start__            20000000                   ----  Gb  - Linker created -
  __user_format_extender   2000048c       0x4      4  Data  Gb  libc2.o (libc_v8mml_fpv5_sp_d16_hard_t_le_eabi.a)
  __vectors_end            00000400                   ----  Gb  - Linker created -
  __vectors_end__          00000400                   ----  Gb  - Linker created -
  __vectors_ram_end        20000000                   ----  Gb  - Linker created -
  __vectors_ram_end__      20000000                   ----  Gb  - Linker created -
  __vectors_ram_size       00000000                   ----  Gb  - Linker created -
  __vectors_ram_size__     00000000                   ----  Gb  - Linker created -
  __vectors_ram_start      20000000                   ----  Gb  - Linker created -
  __vectors_ram_start__    20000000                   ----  Gb  - Linker created -
  __vectors_size           00000400                   ----  Gb  - Linker created -
  __vectors_size__         00000400                   ----  Gb  - Linker created -
  __vectors_start          00000000                   ----  Gb  - Linker created -
  __vectors_start__        00000000                   ----  Gb  - Linker created -
  __vfprintf               00000501     0x4fc      4  Code  Gb  libvfprintf_v8mml_fpv5_sp_d16_hard_t_le_eabi.o
  __vfprintf_int_nwp       00000501     0x4fc      4  Code  Gb  libvfprintf_v8mml_fpv5_sp_d16_hard_t_le_eabi.o
  _acDownBuffer            2000047c      0x10         Data  Lc  SEGGER_RTT.o
  _acUpBuffer              20000004     0x400         Data  Lc  SEGGER_RTT.o
  _start                   00001221      0x64      4  Code  Gb  SEGGER_THUMB_Startup.o
  _vectors                 00000000     0x400      4  Code  Gb  ses_startup_nrf5340_application.o
  _vectors_end             00000400     0x400      4  Code  Lc  ses_startup_nrf5340_application.o
  afterInitialize          00001288      0x2c      4  Code  Gb  ses_startup_nrf_common.o
  arm_cos_f32              00000401     0x100      4  Code  Gb  arm_cos_f32.o
  arm_nn_add_q7            000018d7      0xdc      2  Code  Gb  arm_nn_add_q7.o
  ctor_end                 00001258      0x64      4  Code  Lc  SEGGER_THUMB_Startup.o
  ctor_loop                00001248      0x64      4  Code  Lc  SEGGER_THUMB_Startup.o
  ctors$$Base              00001a33                   ----  Gb  - Linker created -
  ctors$$Length            00000000                   ----  Gb  - Linker created -
  ctors$$Limit             00001a33                   ----  Gb  - Linker created -
  dtors$$Base              00001a33                   ----  Gb  - Linker created -
  dtors$$Length            00000000                   ----  Gb  - Linker created -
  dtors$$Limit             00001a33                   ----  Gb  - Linker created -
  exidx$$Base              00001a33                   ----  Gb  - Linker created -
  exidx$$Length            00000000                   ----  Gb  - Linker created -
  exidx$$Limit             00001a33                   ----  Gb  - Linker created -
  exit                     00001267      0x64      4  Code  Wk  SEGGER_THUMB_Startup.o
  exit_loop                00001266      0x64      4  Code  Lc  SEGGER_THUMB_Startup.o
  heap$$Base               20000490                   ----  Gb  - Linker created -
  heap$$Length             00004000                   ----  Gb  - Linker created -
  heap$$Limit              20004490                   ----  Gb  - Linker created -
  main                     000017d3      0x94      2  Code  Gb  main.o
  memcpy                   00001645      0x52      2  Code  Wk  libc2_asm.o (libc_v8mml_fpv5_sp_d16_hard_t_le_eabi.a)
  nRFInitialize            000012c7      0x1c      4  Code  Gb  ses_startup_nrf5340_application.o
  nrf53_errata_42          0000169f       0x4      2  Code  Lc  system_nrf5340_application.o
  nrf53_errata_46          000016a3       0x4      2  Code  Lc  system_nrf5340_application.o
  nrf53_errata_49          000016a7       0x4      2  Code  Lc  system_nrf5340_application.o
  nrf53_errata_55          000016ab       0x4      2  Code  Lc  system_nrf5340_application.o
  nrf53_errata_64          0000169b       0x4      2  Code  Lc  system_nrf5340_application.o
  nrf53_errata_69          000016af       0x4      2  Code  Lc  system_nrf5340_application.o
  nrf53_errata_97          00001697       0x4      2  Code  Lc  system_nrf5340_application.o
  printf                   00001867      0x3c      2  Code  Gb  SEGGER_RTT_SES.o
  sinTable_f32             000009fc     0x804      4  Cnst  Gb  arm_common_tables.o
  stack$$Base              2003c000                   ----  Gb  - Linker created -
  stack$$Length            00004000                   ----  Gb  - Linker created -
  stack$$Limit             20040000                   ----  Gb  - Linker created -
  start                    0000125f      0x64      4  Code  Lc  SEGGER_THUMB_Startup.o
  strcpy                   000019cf      0x44      2  Code  Wk  libc2_asm.o (libc_v8mml_fpv5_sp_d16_hard_t_le_eabi.a)
  tbss$$Base               20000000                   ----  Gb  - Linker created -
  tbss$$Length             00000000                   ----  Gb  - Linker created -
  tbss$$Limit              20000000                   ----  Gb  - Linker created -
  tdata$$Base              20000000                   ----  Gb  - Linker created -
  tdata$$Length            00000000                   ----  Gb  - Linker created -
  tdata$$Limit             20000000                   ----  Gb  - Linker created -
  tdata_load$$Base         00001a37                   ----  Gb  - Linker created -
  tdata_load$$Length       00000000                   ----  Gb  - Linker created -
  tdata_load$$Limit        00001a37                   ----  Gb  - Linker created -
  tls$$Base                20000000                   ----  Gb  - Linker created -
  tls$$Length              00000000                   ----  Gb  - Linker created -
  tls$$Limit               20000000                   ----  Gb  - Linker created -
  vectors$$Base            00000000                   ----  Gb  - Linker created -
  vectors$$Length          00000400                   ----  Gb  - Linker created -
  vectors$$Limit           00000400                   ----  Gb  - Linker created -
  vectors_ram$$Base        20000000                   ----  Gb  - Linker created -
  vectors_ram$$Length      00000000                   ----  Gb  - Linker created -
  vectors_ram$$Limit       20000000                   ----  Gb  - Linker created -
  vsnprintf                000019b3      0x1c      2  Code  Wk  libc2.o (libc_v8mml_fpv5_sp_d16_hard_t_le_eabi.a)

Symbols by file then by name

  Symbol                   Value         Size  Align  Type      Object
  ------                   -----         ----  -----  ----      ------
  __FLASH1_segment_end__   00100000                   ----  Gb  - Linker created -
  __FLASH1_segment_size__  00100000                   ----  Gb  - Linker created -
  __FLASH1_segment_start__
                           00000000                   ----  Gb  - Linker created -
  __FLASH1_segment_used_end__
                           00001a8c                   ----  Gb  - Linker created -
  __FLASH1_segment_used_size__
                           00001a8c                   ----  Gb  - Linker created -
  __FLASH1_segment_used_start__
                           00000000                   ----  Gb  - Linker created -
  __FLASH_segment_end__    00100000                   ----  Gb  - Linker created -
  __FLASH_segment_size__   00100000                   ----  Gb  - Linker created -
  __FLASH_segment_start__  00000000                   ----  Gb  - Linker created -
  __FLASH_segment_used_end__
                           00001a8c                   ----  Gb  - Linker created -
  __FLASH_segment_used_size__
                           00001a8c                   ----  Gb  - Linker created -
  __FLASH_segment_used_start__
                           00000000                   ----  Gb  - Linker created -
  __HEAPSIZE__             00004000                   ----  Gb  - Linker created -
  __RAM1_segment_end__     20040000                   ----  Gb  - Linker created -
  __RAM1_segment_size__    00040000                   ----  Gb  - Linker created -
  __RAM1_segment_start__   20000000                   ----  Gb  - Linker created -
  __RAM1_segment_used_end__
                           20040000                   ----  Gb  - Linker created -
  __RAM1_segment_used_size__
                           00040000                   ----  Gb  - Linker created -
  __RAM1_segment_used_start__
                           20000000                   ----  Gb  - Linker created -
  __RAM2_segment_end__     20080000                   ----  Gb  - Linker created -
  __RAM2_segment_size__    00040000                   ----  Gb  - Linker created -
  __RAM2_segment_start__   20040000                   ----  Gb  - Linker created -
  __RAM2_segment_used_end__
                           20040000                   ----  Gb  - Linker created -
  __RAM2_segment_used_size__
                           00000000                   ----  Gb  - Linker created -
  __RAM2_segment_used_start__
                           20040000                   ----  Gb  - Linker created -
  __RAM_segment_end__      20040000                   ----  Gb  - Linker created -
  __RAM_segment_size__     00040000                   ----  Gb  - Linker created -
  __RAM_segment_start__    20000000                   ----  Gb  - Linker created -
  __RAM_segment_used_end__
                           20040000                   ----  Gb  - Linker created -
  __RAM_segment_used_size__
                           00040000                   ----  Gb  - Linker created -
  __RAM_segment_used_start__
                           20000000                   ----  Gb  - Linker created -
  __SEGGER_init_data__     00001a38       0x4      4  Cnst  Lc  - Linker created -
  __SEGGER_init_table__    00001a3c      0x20      4  Cnst  Lc  - Linker created -
  __STACKSIZE_PROCESS__    00000000                   ----  Gb  - Linker created -
  __STACKSIZE__            00004000                   ----  Gb  - Linker created -
  __ctors_end              00001a33                   ----  Gb  - Linker created -
  __ctors_end__            00001a33                   ----  Gb  - Linker created -
  __ctors_size             00000000                   ----  Gb  - Linker created -
  __ctors_size__           00000000                   ----  Gb  - Linker created -
  __ctors_start            00001a33                   ----  Gb  - Linker created -
  __ctors_start__          00001a33                   ----  Gb  - Linker created -
  __dtors_end              00001a33                   ----  Gb  - Linker created -
  __dtors_end__            00001a33                   ----  Gb  - Linker created -
  __dtors_size             00000000                   ----  Gb  - Linker created -
  __dtors_size__           00000000                   ----  Gb  - Linker created -
  __dtors_start            00001a33                   ----  Gb  - Linker created -
  __dtors_start__          00001a33                   ----  Gb  - Linker created -
  __exidx_end              00001a33                   ----  Gb  - Linker created -
  __exidx_end__            00001a33                   ----  Gb  - Linker created -
  __exidx_size             00000000                   ----  Gb  - Linker created -
  __exidx_size__           00000000                   ----  Gb  - Linker created -
  __exidx_start            00001a33                   ----  Gb  - Linker created -
  __exidx_start__          00001a33                   ----  Gb  - Linker created -
  __heap_end               20004490                   ----  Gb  - Linker created -
  __heap_end__             20004490                   ----  Gb  - Linker created -
  __heap_size              00004000                   ----  Gb  - Linker created -
  __heap_size__            00004000                   ----  Gb  - Linker created -
  __heap_start             20000490                   ----  Gb  - Linker created -
  __heap_start__           20000490                   ----  Gb  - Linker created -
  __stack_end              20040000                   ----  Gb  - Linker created -
  __stack_end__            20040000                   ----  Gb  - Linker created -
  __stack_size             00004000                   ----  Gb  - Linker created -
  __stack_size__           00004000                   ----  Gb  - Linker created -
  __stack_start            2003c000                   ----  Gb  - Linker created -
  __stack_start__          2003c000                   ----  Gb  - Linker created -
  __tbss_end               20000000                   ----  Gb  - Linker created -
  __tbss_end__             20000000                   ----  Gb  - Linker created -
  __tbss_size              00000000                   ----  Gb  - Linker created -
  __tbss_size__            00000000                   ----  Gb  - Linker created -
  __tbss_start             20000000                   ----  Gb  - Linker created -
  __tbss_start__           20000000                   ----  Gb  - Linker created -
  __tdata_end              20000000                   ----  Gb  - Linker created -
  __tdata_end__            20000000                   ----  Gb  - Linker created -
  __tdata_load_end         00001a37                   ----  Gb  - Linker created -
  __tdata_load_end__       00001a37                   ----  Gb  - Linker created -
  __tdata_load_size        00000000                   ----  Gb  - Linker created -
  __tdata_load_size__      00000000                   ----  Gb  - Linker created -
  __tdata_load_start       00001a37                   ----  Gb  - Linker created -
  __tdata_load_start__     00001a37                   ----  Gb  - Linker created -
  __tdata_size             00000000                   ----  Gb  - Linker created -
  __tdata_size__           00000000                   ----  Gb  - Linker created -
  __tdata_start            20000000                   ----  Gb  - Linker created -
  __tdata_start__          20000000                   ----  Gb  - Linker created -
  __tls_end                20000000                   ----  Gb  - Linker created -
  __tls_end__              20000000                   ----  Gb  - Linker created -
  __tls_size               00000000                   ----  Gb  - Linker created -
  __tls_size__             00000000                   ----  Gb  - Linker created -
  __tls_start              20000000                   ----  Gb  - Linker created -
  __tls_start__            20000000                   ----  Gb  - Linker created -
  __vectors_end            00000400                   ----  Gb  - Linker created -
  __vectors_end__          00000400                   ----  Gb  - Linker created -
  __vectors_ram_end        20000000                   ----  Gb  - Linker created -
  __vectors_ram_end__      20000000                   ----  Gb  - Linker created -
  __vectors_ram_size       00000000                   ----  Gb  - Linker created -
  __vectors_ram_size__     00000000                   ----  Gb  - Linker created -
  __vectors_ram_start      20000000                   ----  Gb  - Linker created -
  __vectors_ram_start__    20000000                   ----  Gb  - Linker created -
  __vectors_size           00000400                   ----  Gb  - Linker created -
  __vectors_size__         00000400                   ----  Gb  - Linker created -
  __vectors_start          00000000                   ----  Gb  - Linker created -
  __vectors_start__        00000000                   ----  Gb  - Linker created -
  ctors$$Base              00001a33                   ----  Gb  - Linker created -
  ctors$$Length            00000000                   ----  Gb  - Linker created -
  ctors$$Limit             00001a33                   ----  Gb  - Linker created -
  dtors$$Base              00001a33                   ----  Gb  - Linker created -
  dtors$$Length            00000000                   ----  Gb  - Linker created -
  dtors$$Limit             00001a33                   ----  Gb  - Linker created -
  exidx$$Base              00001a33                   ----  Gb  - Linker created -
  exidx$$Length            00000000                   ----  Gb  - Linker created -
  exidx$$Limit             00001a33                   ----  Gb  - Linker created -
  heap$$Base               20000490                   ----  Gb  - Linker created -
  heap$$Length             00004000                   ----  Gb  - Linker created -
  heap$$Limit              20004490                   ----  Gb  - Linker created -
  stack$$Base              2003c000                   ----  Gb  - Linker created -
  stack$$Length            00004000                   ----  Gb  - Linker created -
  stack$$Limit             20040000                   ----  Gb  - Linker created -
  tbss$$Base               20000000                   ----  Gb  - Linker created -
  tbss$$Length             00000000                   ----  Gb  - Linker created -
  tbss$$Limit              20000000                   ----  Gb  - Linker created -
  tdata$$Base              20000000                   ----  Gb  - Linker created -
  tdata$$Length            00000000                   ----  Gb  - Linker created -
  tdata$$Limit             20000000                   ----  Gb  - Linker created -
  tdata_load$$Base         00001a37                   ----  Gb  - Linker created -
  tdata_load$$Length       00000000                   ----  Gb  - Linker created -
  tdata_load$$Limit        00001a37                   ----  Gb  - Linker created -
  tls$$Base                20000000                   ----  Gb  - Linker created -
  tls$$Length              00000000                   ----  Gb  - Linker created -
  tls$$Limit               20000000                   ----  Gb  - Linker created -
  vectors$$Base            00000000                   ----  Gb  - Linker created -
  vectors$$Length          00000400                   ----  Gb  - Linker created -
  vectors$$Limit           00000400                   ----  Gb  - Linker created -
  vectors_ram$$Base        20000000                   ----  Gb  - Linker created -
  vectors_ram$$Length      00000000                   ----  Gb  - Linker created -
  vectors_ram$$Limit       20000000                   ----  Gb  - Linker created -
  .L.str                   00001a19       0x9         Cnst  Lc  SEGGER_RTT.o
  .L.str.1                 00001a33       0x4         Cnst  Lc  SEGGER_RTT.o
  .L.str.2                 00001a12       0x7         Cnst  Lc  SEGGER_RTT.o
  SEGGER_RTT_Write         00001603      0x42      2  Code  Gb  SEGGER_RTT.o
  SEGGER_RTT_WriteNoLock   0000172f      0xa4      2  Code  Gb  SEGGER_RTT.o
  _DoInit                  0000146d      0x96      2  Code  Lc  SEGGER_RTT.o
  _GetAvailWriteSpace      00001503      0x3a      2  Code  Lc  SEGGER_RTT.o
  _SEGGER_RTT              20000404      0x78      4  Data  Gb  SEGGER_RTT.o
  _WriteBlocking           0000153d      0xc6      2  Code  Lc  SEGGER_RTT.o
  _WriteNoCheck            000016b3      0x7c      2  Code  Lc  SEGGER_RTT.o
  _acDownBuffer            2000047c      0x10         Data  Lc  SEGGER_RTT.o
  _acUpBuffer              20000004     0x400         Data  Lc  SEGGER_RTT.o
  printf                   00001867      0x3c      2  Code  Gb  SEGGER_RTT_SES.o
  __SEGGER_init_copy       00001a5d      0x1a      2  Code  Gb  SEGGER_THUMB_Startup.o
  __SEGGER_init_zero       00001a77      0x16      2  Code  Gb  SEGGER_THUMB_Startup.o
  _start                   00001221      0x64      4  Code  Gb  SEGGER_THUMB_Startup.o
  ctor_end                 00001258      0x64      4  Code  Lc  SEGGER_THUMB_Startup.o
  ctor_loop                00001248      0x64      4  Code  Lc  SEGGER_THUMB_Startup.o
  exit                     00001267      0x64      4  Code  Wk  SEGGER_THUMB_Startup.o
  exit_loop                00001266      0x64      4  Code  Lc  SEGGER_THUMB_Startup.o
  start                    0000125f      0x64      4  Code  Lc  SEGGER_THUMB_Startup.o
  sinTable_f32             000009fc     0x804      4  Cnst  Gb  arm_common_tables.o
  arm_cos_f32              00000401     0x100      4  Code  Gb  arm_cos_f32.o
  arm_nn_add_q7            000018d7      0xdc      2  Code  Gb  arm_nn_add_q7.o
  __RAL_hex_lc             00001210      0x10      4  Cnst  Gb  libc2.o (libc_v8mml_fpv5_sp_d16_hard_t_le_eabi.a)
  __RAL_hex_uc             00001200      0x10      4  Cnst  Gb  libc2.o (libc_v8mml_fpv5_sp_d16_hard_t_le_eabi.a)
  __putc                   000018a3      0x34      2  Code  Gb  libc2.o (libc_v8mml_fpv5_sp_d16_hard_t_le_eabi.a)
  __user_format_extender   2000048c       0x4      4  Data  Gb  libc2.o (libc_v8mml_fpv5_sp_d16_hard_t_le_eabi.a)
  vsnprintf                000019b3      0x1c      2  Code  Wk  libc2.o (libc_v8mml_fpv5_sp_d16_hard_t_le_eabi.a)
  __aeabi_memcpy           00001645      0x52      2  Code  Wk  libc2_asm.o (libc_v8mml_fpv5_sp_d16_hard_t_le_eabi.a)
  __aeabi_memcpy4          00001651      0x52      2  Code  Wk  libc2_asm.o (libc_v8mml_fpv5_sp_d16_hard_t_le_eabi.a)
  __aeabi_memcpy8          00001651      0x52      2  Code  Wk  libc2_asm.o (libc_v8mml_fpv5_sp_d16_hard_t_le_eabi.a)
  memcpy                   00001645      0x52      2  Code  Wk  libc2_asm.o (libc_v8mml_fpv5_sp_d16_hard_t_le_eabi.a)
  strcpy                   000019cf      0x44      2  Code  Wk  libc2_asm.o (libc_v8mml_fpv5_sp_d16_hard_t_le_eabi.a)
  __vfprintf               00000501     0x4fc      4  Code  Gb  libvfprintf_v8mml_fpv5_sp_d16_hard_t_le_eabi.o
  __vfprintf_int_nwp       00000501     0x4fc      4  Code  Gb  libvfprintf_v8mml_fpv5_sp_d16_hard_t_le_eabi.o
  .L.str                   00001a22      0x11         Cnst  Lc  main.o
  main                     000017d3      0x94      2  Code  Gb  main.o
  BusFault_Handler         000012b7      0x1c      4  Code  Wk  ses_startup_nrf5340_application.o
  CACHE_IRQHandler         000012c5      0x1c      4  Code  Wk  ses_startup_nrf5340_application.o
  CLOCK_POWER_IRQHandler   000012c5      0x1c      4  Code  Wk  ses_startup_nrf5340_application.o
  COMP_LPCOMP_IRQHandler   000012c5      0x1c      4  Code  Wk  ses_startup_nrf5340_application.o
  CRYPTOCELL_IRQHandler    000012c5      0x1c      4  Code  Wk  ses_startup_nrf5340_application.o
  DebugMon_Handler         000012bf      0x1c      4  Code  Wk  ses_startup_nrf5340_application.o
  Dummy_Handler            000012c5      0x1c      4  Code  Wk  ses_startup_nrf5340_application.o
  EGU0_IRQHandler          000012c5      0x1c      4  Code  Wk  ses_startup_nrf5340_application.o
  EGU1_IRQHandler          000012c5      0x1c      4  Code  Wk  ses_startup_nrf5340_application.o
  EGU2_IRQHandler          000012c5      0x1c      4  Code  Wk  ses_startup_nrf5340_application.o
  EGU3_IRQHandler          000012c5      0x1c      4  Code  Wk  ses_startup_nrf5340_application.o
  EGU4_IRQHandler          000012c5      0x1c      4  Code  Wk  ses_startup_nrf5340_application.o
  EGU5_IRQHandler          000012c5      0x1c      4  Code  Wk  ses_startup_nrf5340_application.o
  FPU_IRQHandler           000012c5      0x1c      4  Code  Wk  ses_startup_nrf5340_application.o
  GPIOTE0_IRQHandler       000012c5      0x1c      4  Code  Wk  ses_startup_nrf5340_application.o
  GPIOTE1_IRQHandler       000012c5      0x1c      4  Code  Wk  ses_startup_nrf5340_application.o
  HardFault_Handler        000012b3      0x1c      4  Code  Wk  ses_startup_nrf5340_application.o
  I2S0_IRQHandler          000012c5      0x1c      4  Code  Wk  ses_startup_nrf5340_application.o
  IPC_IRQHandler           000012c5      0x1c      4  Code  Wk  ses_startup_nrf5340_application.o
  KMU_IRQHandler           000012c5      0x1c      4  Code  Wk  ses_startup_nrf5340_application.o
  MemoryManagement_Handler
                           000012b5      0x1c      4  Code  Wk  ses_startup_nrf5340_application.o
  NFCT_IRQHandler          000012c5      0x1c      4  Code  Wk  ses_startup_nrf5340_application.o
  NMI_Handler              000012b1      0x1c      4  Code  Wk  ses_startup_nrf5340_application.o
  PDM0_IRQHandler          000012c5      0x1c      4  Code  Wk  ses_startup_nrf5340_application.o
  PWM0_IRQHandler          000012c5      0x1c      4  Code  Wk  ses_startup_nrf5340_application.o
  PWM1_IRQHandler          000012c5      0x1c      4  Code  Wk  ses_startup_nrf5340_application.o
  PWM2_IRQHandler          000012c5      0x1c      4  Code  Wk  ses_startup_nrf5340_application.o
  PWM3_IRQHandler          000012c5      0x1c      4  Code  Wk  ses_startup_nrf5340_application.o
  PendSV_Handler           000012c1      0x1c      4  Code  Wk  ses_startup_nrf5340_application.o
  QDEC0_IRQHandler         000012c5      0x1c      4  Code  Wk  ses_startup_nrf5340_application.o
  QDEC1_IRQHandler         000012c5      0x1c      4  Code  Wk  ses_startup_nrf5340_application.o
  QSPI_IRQHandler          000012c5      0x1c      4  Code  Wk  ses_startup_nrf5340_application.o
  RTC0_IRQHandler          000012c5      0x1c      4  Code  Wk  ses_startup_nrf5340_application.o
  RTC1_IRQHandler          000012c5      0x1c      4  Code  Wk  ses_startup_nrf5340_application.o
  SAADC_IRQHandler         000012c5      0x1c      4  Code  Wk  ses_startup_nrf5340_application.o
  SPIM0_SPIS0_TWIM0_TWIS0_UARTE0_IRQHandler
                           000012c5      0x1c      4  Code  Wk  ses_startup_nrf5340_application.o
  SPIM1_SPIS1_TWIM1_TWIS1_UARTE1_IRQHandler
                           000012c5      0x1c      4  Code  Wk  ses_startup_nrf5340_application.o
  SPIM2_SPIS2_TWIM2_TWIS2_UARTE2_IRQHandler
                           000012c5      0x1c      4  Code  Wk  ses_startup_nrf5340_application.o
  SPIM3_SPIS3_TWIM3_TWIS3_UARTE3_IRQHandler
                           000012c5      0x1c      4  Code  Wk  ses_startup_nrf5340_application.o
  SPIM4_IRQHandler         000012c5      0x1c      4  Code  Wk  ses_startup_nrf5340_application.o
  SPU_IRQHandler           000012c5      0x1c      4  Code  Wk  ses_startup_nrf5340_application.o
  SVC_Handler              000012bd      0x1c      4  Code  Wk  ses_startup_nrf5340_application.o
  SecureFault_Handler      000012bb      0x1c      4  Code  Wk  ses_startup_nrf5340_application.o
  SysTick_Handler          000012c3      0x1c      4  Code  Wk  ses_startup_nrf5340_application.o
  TIMER0_IRQHandler        000012c5      0x1c      4  Code  Wk  ses_startup_nrf5340_application.o
  TIMER1_IRQHandler        000012c5      0x1c      4  Code  Wk  ses_startup_nrf5340_application.o
  TIMER2_IRQHandler        000012c5      0x1c      4  Code  Wk  ses_startup_nrf5340_application.o
  USBD_IRQHandler          000012c5      0x1c      4  Code  Wk  ses_startup_nrf5340_application.o
  USBREGULATOR_IRQHandler  000012c5      0x1c      4  Code  Wk  ses_startup_nrf5340_application.o
  UsageFault_Handler       000012b9      0x1c      4  Code  Wk  ses_startup_nrf5340_application.o
  WDT0_IRQHandler          000012c5      0x1c      4  Code  Wk  ses_startup_nrf5340_application.o
  WDT1_IRQHandler          000012c5      0x1c      4  Code  Wk  ses_startup_nrf5340_application.o
  _vectors                 00000000     0x400      4  Code  Gb  ses_startup_nrf5340_application.o
  _vectors_end             00000400     0x400      4  Code  Lc  ses_startup_nrf5340_application.o
  nRFInitialize            000012c7      0x1c      4  Code  Gb  ses_startup_nrf5340_application.o
  Reset_Handler            00001285      0x2c      4  Code  Gb  ses_startup_nrf_common.o
  afterInitialize          00001288      0x2c      4  Code  Gb  ses_startup_nrf_common.o
  SystemCoreClock          20000000       0x4      4  Data  Gb  system_nrf5340_application.o
  SystemCoreClockUpdate    000012cd      0x26      2  Code  Gb  system_nrf5340_application.o
  SystemInit               000012f3     0x17a      2  Code  Gb  system_nrf5340_application.o
  nrf53_errata_42          0000169f       0x4      2  Code  Lc  system_nrf5340_application.o
  nrf53_errata_46          000016a3       0x4      2  Code  Lc  system_nrf5340_application.o
  nrf53_errata_49          000016a7       0x4      2  Code  Lc  system_nrf5340_application.o
  nrf53_errata_55          000016ab       0x4      2  Code  Lc  system_nrf5340_application.o
  nrf53_errata_64          0000169b       0x4      2  Code  Lc  system_nrf5340_application.o
  nrf53_errata_69          000016af       0x4      2  Code  Lc  system_nrf5340_application.o
  nrf53_errata_97          00001697       0x4      2  Code  Lc  system_nrf5340_application.o


***************************************************************************************
***                                                                                 ***
***                                  LINK SUMMARY                                   ***
***                                                                                 ***
***************************************************************************************

Link complete: 0 errors, 0 warnings, 0 remarks

  Name             Range           Size       Allocated         Used   Loading  (Alignment loss)
  ---------- -------- -------- --------   -------- -------- --------   -------  ----------------
  FLASH      00000000 000fffff  1048576   00000000 00001a8b     6796     0.65%         1   0.01%
  RAM        20000000 2003ffff   262144   20000000 2003ffff   262144   100.00%    228208  87.05%

Section composition:

      4638  RX         4  RW
      2157  RO     33932  ZI
  ------------   -----------
      6795 ROM     33936 RAM
